// Jest Snapshot v1, https://goo.gl/fbAQLP

exports[`AddQuestion should render the component 1`] = `
Object {
  "asFragment": [Function],
  "baseElement": <body>
    <div>
      <div
        class="Create-Question"
      >
        <h2>
          Create a New Question
        </h2>
        <div
          class="Option"
        >
          <label
            data-testid="firstOptionLabel"
          >
            Option One:
            <input
              class="input"
              data-testid="firstOption"
              type="text"
              value=""
            />
          </label>
        </div>
        <div
          class="Option"
        >
          <label
            data-testid="secondOptionLabel"
          >
            Option Two:
            <input
              class="input"
              data-testid="secondOption"
              type="text"
              value=""
            />
          </label>
        </div>
        <button
          class="btn"
          data-testid="submit-poll"
        >
          Create Question
        </button>
      </div>
    </div>
  </body>,
  "container": <div>
    <div
      class="Create-Question"
    >
      <h2>
        Create a New Question
      </h2>
      <div
        class="Option"
      >
        <label
          data-testid="firstOptionLabel"
        >
          Option One:
          <input
            class="input"
            data-testid="firstOption"
            type="text"
            value=""
          />
        </label>
      </div>
      <div
        class="Option"
      >
        <label
          data-testid="secondOptionLabel"
        >
          Option Two:
          <input
            class="input"
            data-testid="secondOption"
            type="text"
            value=""
          />
        </label>
      </div>
      <button
        class="btn"
        data-testid="submit-poll"
      >
        Create Question
      </button>
    </div>
  </div>,
  "debug": [Function],
  "findAllByAltText": [Function],
  "findAllByDisplayValue": [Function],
  "findAllByLabelText": [Function],
  "findAllByPlaceholderText": [Function],
  "findAllByRole": [Function],
  "findAllByTestId": [Function],
  "findAllByText": [Function],
  "findAllByTitle": [Function],
  "findByAltText": [Function],
  "findByDisplayValue": [Function],
  "findByLabelText": [Function],
  "findByPlaceholderText": [Function],
  "findByRole": [Function],
  "findByTestId": [Function],
  "findByText": [Function],
  "findByTitle": [Function],
  "getAllByAltText": [Function],
  "getAllByDisplayValue": [Function],
  "getAllByLabelText": [Function],
  "getAllByPlaceholderText": [Function],
  "getAllByRole": [Function],
  "getAllByTestId": [Function],
  "getAllByText": [Function],
  "getAllByTitle": [Function],
  "getByAltText": [Function],
  "getByDisplayValue": [Function],
  "getByLabelText": [Function],
  "getByPlaceholderText": [Function],
  "getByRole": [Function],
  "getByTestId": [Function],
  "getByText": [Function],
  "getByTitle": [Function],
  "queryAllByAltText": [Function],
  "queryAllByDisplayValue": [Function],
  "queryAllByLabelText": [Function],
  "queryAllByPlaceholderText": [Function],
  "queryAllByRole": [Function],
  "queryAllByTestId": [Function],
  "queryAllByText": [Function],
  "queryAllByTitle": [Function],
  "queryByAltText": [Function],
  "queryByDisplayValue": [Function],
  "queryByLabelText": [Function],
  "queryByPlaceholderText": [Function],
  "queryByRole": [Function],
  "queryByTestId": [Function],
  "queryByText": [Function],
  "queryByTitle": [Function],
  "rerender": [Function],
  "unmount": [Function],
}
`;
